25
26
26
60
60
Successfully executed 5 instructions
|_ 25 _|
|_ 60 _|
2 elements